Archive member included because of file (symbol)

c:/program files (x86)/gnu tools arm embedded/4.9 2015q3/bin/../lib/gcc/arm-none-eabi/4.9.3/armv6-m\libgcc.a(_udivsi3.o)
                              ./system/src/cmsis/system_MKL25Z4.o (__aeabi_uidiv)
c:/program files (x86)/gnu tools arm embedded/4.9 2015q3/bin/../lib/gcc/arm-none-eabi/4.9.3/armv6-m\libgcc.a(_divsi3.o)
                              ./src/brtos/OSInfo.o (__aeabi_idiv)
c:/program files (x86)/gnu tools arm embedded/4.9 2015q3/bin/../lib/gcc/arm-none-eabi/4.9.3/armv6-m\libgcc.a(_dvmd_tls.o)
                              c:/program files (x86)/gnu tools arm embedded/4.9 2015q3/bin/../lib/gcc/arm-none-eabi/4.9.3/armv6-m\libgcc.a(_udivsi3.o) (__aeabi_idiv0)
c:/program files (x86)/gnu tools arm embedded/4.9 2015q3/bin/../lib/gcc/arm-none-eabi/4.9.3/../../../../arm-none-eabi/lib/armv6-m\libg_nano.a(lib_a-errno.o)
                              ./system/src/newlib/_sbrk.o (__errno)
c:/program files (x86)/gnu tools arm embedded/4.9 2015q3/bin/../lib/gcc/arm-none-eabi/4.9.3/../../../../arm-none-eabi/lib/armv6-m\libg_nano.a(lib_a-impure.o)
                              c:/program files (x86)/gnu tools arm embedded/4.9 2015q3/bin/../lib/gcc/arm-none-eabi/4.9.3/../../../../arm-none-eabi/lib/armv6-m\libg_nano.a(lib_a-errno.o) (_impure_ptr)
c:/program files (x86)/gnu tools arm embedded/4.9 2015q3/bin/../lib/gcc/arm-none-eabi/4.9.3/../../../../arm-none-eabi/lib/armv6-m\libg_nano.a(lib_a-memcpy.o)
                              ./src/brtos/OSTime.o (memcpy)
c:/program files (x86)/gnu tools arm embedded/4.9 2015q3/bin/../lib/gcc/arm-none-eabi/4.9.3/../../../../arm-none-eabi/lib/armv6-m\libg_nano.a(lib_a-printf.o)
                              ./system/src/kl25-sc/rcm.o (printf)
c:/program files (x86)/gnu tools arm embedded/4.9 2015q3/bin/../lib/gcc/arm-none-eabi/4.9.3/../../../../arm-none-eabi/lib/armv6-m\libg_nano.a(lib_a-strcmp.o)
                              ./src/brtos/device.o (strcmp)
c:/program files (x86)/gnu tools arm embedded/4.9 2015q3/bin/../lib/gcc/arm-none-eabi/4.9.3/../../../../arm-none-eabi/lib/armv6-m\libg_nano.a(lib_a-strlen.o)
                              ./system/src/diag/Trace.o (strlen)
c:/program files (x86)/gnu tools arm embedded/4.9 2015q3/bin/../lib/gcc/arm-none-eabi/4.9.3/../../../../arm-none-eabi/lib/armv6-m\libg_nano.a(lib_a-strncmp.o)
                              ./src/brtos/device.o (strncmp)
c:/program files (x86)/gnu tools arm embedded/4.9 2015q3/bin/../lib/gcc/arm-none-eabi/4.9.3/../../../../arm-none-eabi/lib/armv6-m\libg_nano.a(lib_a-vsnprintf.o)
                              ./system/src/diag/Trace.o (vsnprintf)
c:/program files (x86)/gnu tools arm embedded/4.9 2015q3/bin/../lib/gcc/arm-none-eabi/4.9.3/../../../../arm-none-eabi/lib/armv6-m\libg_nano.a(lib_a-findfp.o)
                              c:/program files (x86)/gnu tools arm embedded/4.9 2015q3/bin/../lib/gcc/arm-none-eabi/4.9.3/../../../../arm-none-eabi/lib/armv6-m\libg_nano.a(lib_a-printf.o) (__sinit)
c:/program files (x86)/gnu tools arm embedded/4.9 2015q3/bin/../lib/gcc/arm-none-eabi/4.9.3/../../../../arm-none-eabi/lib/armv6-m\libg_nano.a(lib_a-fwalk.o)
                              c:/program files (x86)/gnu tools arm embedded/4.9 2015q3/bin/../lib/gcc/arm-none-eabi/4.9.3/../../../../arm-none-eabi/lib/armv6-m\libg_nano.a(lib_a-findfp.o) (_fwalk)
c:/program files (x86)/gnu tools arm embedded/4.9 2015q3/bin/../lib/gcc/arm-none-eabi/4.9.3/../../../../arm-none-eabi/lib/armv6-m\libg_nano.a(lib_a-memset.o)
                              c:/program files (x86)/gnu tools arm embedded/4.9 2015q3/bin/../lib/gcc/arm-none-eabi/4.9.3/../../../../arm-none-eabi/lib/armv6-m\libg_nano.a(lib_a-findfp.o) (memset)
c:/program files (x86)/gnu tools arm embedded/4.9 2015q3/bin/../lib/gcc/arm-none-eabi/4.9.3/../../../../arm-none-eabi/lib/armv6-m\libg_nano.a(lib_a-nano-mallocr.o)
                              c:/program files (x86)/gnu tools arm embedded/4.9 2015q3/bin/../lib/gcc/arm-none-eabi/4.9.3/../../../../arm-none-eabi/lib/armv6-m\libg_nano.a(lib_a-findfp.o) (_malloc_r)
c:/program files (x86)/gnu tools arm embedded/4.9 2015q3/bin/../lib/gcc/arm-none-eabi/4.9.3/../../../../arm-none-eabi/lib/armv6-m\libg_nano.a(lib_a-nano-svfprintf.o)
                              c:/program files (x86)/gnu tools arm embedded/4.9 2015q3/bin/../lib/gcc/arm-none-eabi/4.9.3/../../../../arm-none-eabi/lib/armv6-m\libg_nano.a(lib_a-vsnprintf.o) (_svfprintf_r)
c:/program files (x86)/gnu tools arm embedded/4.9 2015q3/bin/../lib/gcc/arm-none-eabi/4.9.3/../../../../arm-none-eabi/lib/armv6-m\libg_nano.a(lib_a-nano-vfprintf.o)
                              c:/program files (x86)/gnu tools arm embedded/4.9 2015q3/bin/../lib/gcc/arm-none-eabi/4.9.3/../../../../arm-none-eabi/lib/armv6-m\libg_nano.a(lib_a-printf.o) (_vfprintf_r)
c:/program files (x86)/gnu tools arm embedded/4.9 2015q3/bin/../lib/gcc/arm-none-eabi/4.9.3/../../../../arm-none-eabi/lib/armv6-m\libg_nano.a(lib_a-nano-vfprintf_i.o)
[...]
Memory Configuration

Name             Origin             Length             Attributes
RAM              0x1ffff000         0x00004000         xrw
FLASH            0x00000000         0x00020000         xr
CCMRAM           0x00000000         0x00000000         xrw
FLASHB1          0x00000000         0x00000000         xr
EXTMEMB0         0x00000000         0x00000000         xr
EXTMEMB1         0x00000000         0x00000000         xr
EXTMEMB2         0x00000000         0x00000000         xr
EXTMEMB3         0x00000000         0x00000000         xr
*default*        0x00000000         0xffffffff

Linker script and memory map

LOAD ./system/src/newlib/_cxx.o
LOAD ./system/src/newlib/_exit.o
LOAD ./system/src/newlib/_sbrk.o
LOAD ./system/src/newlib/_startup.o
LOAD ./system/src/newlib/_syscalls.o
LOAD ./system/src/newlib/assert.o
LOAD ./system/src/kl25-sc/rcm.o
LOAD ./system/src/diag/Trace.o
LOAD ./system/src/diag/trace_impl.o
LOAD ./system/src/cortexm/_initialize_hardware.o
LOAD ./system/src/cortexm/_reset_hardware.o
LOAD ./system/src/cortexm/exception_handlers.o
LOAD ./system/src/cmsis/system_MKL25Z4.o
LOAD ./system/src/cmsis/vectors_MKL25Z4.o
LOAD ./src/hal/HAL.o
LOAD ./src/brtos/BRTOS.o
LOAD ./src/brtos/OSInfo.o
LOAD ./src/brtos/OSTime.o
LOAD ./src/brtos/device.o
LOAD ./src/brtos/mbox.o
LOAD ./src/brtos/mutex.o
LOAD ./src/brtos/queue.o
LOAD ./src/brtos/semaphore.o
LOAD ./src/brtos/stimer.o
LOAD ./src/Drivers/SPI/spi_cox.o
LOAD ./src/Drivers/MMA8451/accel.o
LOAD ./src/Drivers/LPO/LPO.o
LOAD ./src/Drivers/DAC/DAC.o
LOAD ./src/Drivers/CPU/cpu.o
LOAD ./src/Drivers/GPIOx.o
LOAD ./src/Drivers/UARTx.o
LOAD ./src/Drivers/system.o
LOAD ./src/Drivers/utils.o
LOAD ./src/CoX/CoX_Peripheral/src/xadc.o
LOAD ./src/CoX/CoX_Peripheral/src/xcore.o
LOAD ./src/CoX/CoX_Peripheral/src/xdebug.o
LOAD ./src/CoX/CoX_Peripheral/src/xgpio.o
LOAD ./src/CoX/CoX_Peripheral/src/xsysctl.o
LOAD ./src/CoX/CoX_Peripheral/src/xuart.o
LOAD ./src/CoX/CoX_Peripheral/src/xwdt.o
LOAD ./src/main.o
LOAD ./src/tasks.o
LOAD c:/program files (x86)/gnu tools arm embedded/4.9 2015q3/bin/../lib/gcc/arm-none-eabi/4.9.3/../../../../arm-none-eabi/lib/armv6-m\libstdc++_nano.a
LOAD c:/program files (x86)/gnu tools arm embedded/4.9 2015q3/bin/../lib/gcc/arm-none-eabi/4.9.3/../../../../arm-none-eabi/lib/armv6-m\libm.a
START GROUP
LOAD c:/program files (x86)/gnu tools arm embedded/4.9 2015q3/bin/../lib/gcc/arm-none-eabi/4.9.3/armv6-m\libgcc.a
LOAD c:/program files (x86)/gnu tools arm embedded/4.9 2015q3/bin/../lib/gcc/arm-none-eabi/4.9.3/../../../../arm-none-eabi/lib/armv6-m\libg_nano.a
LOAD c:/program files (x86)/gnu tools arm embedded/4.9 2015q3/bin/../lib/gcc/arm-none-eabi/4.9.3/../../../../arm-none-eabi/lib/armv6-m\libc_nano.a
END GROUP
START GROUP
LOAD c:/program files (x86)/gnu tools arm embedded/4.9 2015q3/bin/../lib/gcc/arm-none-eabi/4.9.3/armv6-m\libgcc.a
LOAD c:/program files (x86)/gnu tools arm embedded/4.9 2015q3/bin/../lib/gcc/arm-none-eabi/4.9.3/../../../../arm-none-eabi/lib/armv6-m\libc_nano.a
END GROUP
                0x20003000                __stack = (ORIGIN (RAM) + 0x4000)
                0x20003000                _estack = __stack
                0x00000400                __Main_Stack_Size = 0x400
                0x00000400                PROVIDE (_Main_Stack_Size, __Main_Stack_Size)
                0x20002c00                __Main_Stack_Limit = (__stack - __Main_Stack_Size)
                0x20002c00                PROVIDE (_Main_Stack_Limit, __Main_Stack_Limit)
                0x00000100                _Minimum_Stack_Size = 0x100
                0x1ffffd50                PROVIDE (_Heap_Begin, _end_noinit)
                0x20002c00                PROVIDE (_Heap_Limit, (__stack - __Main_Stack_Size))

.isr_vector     0x00000000      0x57c
 FILL mask 0xff
                0x00000000                __vectors_start = ABSOLUTE (.)
                0x00000000                __vectors_start__ = ABSOLUTE (.)
 *(.isr_vector)
 .isr_vector    0x00000000      0x400 ./system/src/cmsis/vectors_MKL25Z4.o
                0x00000000                gHandlers
 *(.cfmconfig)
 .cfmconfig     0x00000400       0x10 ./system/src/cmsis/vectors_MKL25Z4.o
                0x00000400                gConfigs
 *(.after_vectors .after_vectors.*)
 .after_vectors
                0x00000410      0x118 ./system/src/newlib/_startup.o
                0x00000410                _start
 .after_vectors
                0x00000528       0x50 ./system/src/cortexm/exception_handlers.o
                0x00000528                Reset_Handler
                0x00000530                NMI_Handler
                0x00000534                HardFault_Handler
                0x0000054c                HardFault_Handler_C
                0x00000568                SVC_Handler
                0x0000056c                PendSV_Handler
                0x00000570                SysTick_Handler
 .after_vectors
                0x00000578        0x4 ./system/src/cmsis/vectors_MKL25Z4.o
                0x00000578                I2C0_IRQHandler
                0x00000578                I2C1_IRQHandler
                0x00000578                UART1_IRQHandler
                0x00000578                DMA2_IRQHandler
                0x00000578                TPM0_IRQHandler
                0x00000578                TSI0_IRQHandler
                0x00000578                UART0_IRQHandler
                0x00000578                ADC0_IRQHandler
                0x00000578                Reserved39_IRQHandler
                0x00000578                SPI1_IRQHandler
                0x00000578                PORTD_IRQHandler
                0x00000578                TPM2_IRQHandler
                0x00000578                LPTimer_IRQHandler
                0x00000578                RTC_IRQHandler
                0x00000578                RTC_Seconds_IRQHandler
                0x00000578                MCG_IRQHandler
                0x00000578                UART2_IRQHandler
                0x00000578                Reserved20_IRQHandler
                0x00000578                Default_Handler
                0x00000578                USB0_IRQHandler
                0x00000578                LLW_IRQHandler
                0x00000578                PIT_IRQHandler
                0x00000578                DMA3_IRQHandler
                0x00000578                DMA0_IRQHandler
                0x00000578                DAC0_IRQHandler
                0x00000578                Reserved45_IRQHandler
                0x00000578                TPM1_IRQHandler
                0x00000578                LVD_LVW_IRQHandler
                0x00000578                SPI0_IRQHandler
                0x00000578                PORTA_IRQHandler
                0x00000578                FTFA_IRQHandler
                0x00000578                CMP0_IRQHandler
                0x00000578                DMA1_IRQHandler

.inits          0x0000057c       0x28
                0x0000057c                __data_regions_array_start = .
                0x0000057c        0x4 LONG 0x3f44 LOADADDR (.data)
                0x00000580        0x4 LONG 0x1ffff000 ADDR (.data)
                0x00000584        0x4 LONG 0x1ffff07c (ADDR (.data) + SIZEOF (.data))
                0x00000588        0x4 LONG 0x3f44 LOADADDR (.data_CCMRAM)
                0x0000058c        0x4 LONG 0x0 ADDR (.data_CCMRAM)
                0x00000590        0x4 LONG 0x0 (ADDR (.data_CCMRAM) + SIZEOF (.data_CCMRAM))
                0x00000594                __data_regions_array_end = .
                0x00000594                __bss_regions_array_start = .
                0x00000594        0x4 LONG 0x1ffff080 ADDR (.bss)
                0x00000598        0x4 LONG 0x1ffffd50 (ADDR (.bss) + SIZEOF (.bss))
                0x0000059c        0x4 LONG 0x0 ADDR (.bss_CCMRAM)
                0x000005a0        0x4 LONG 0x0 (ADDR (.bss_CCMRAM) + SIZEOF (.bss_CCMRAM))
                0x000005a4                __bss_regions_array_end = .
 *(.init)
 *(.fini)
                0x000005a4                . = ALIGN (0x4)
                0x000005a4                PROVIDE (__preinit_array_start, .)
 *(.preinit_array_sysinit .preinit_array_sysinit.*)
 *(.preinit_array_platform .preinit_array_platform.*)
 *(.preinit_array .preinit_array.*)
                0x000005a4                PROVIDE (__preinit_array_end, .)
                0x000005a4                . = ALIGN (0x4)
                0x000005a4                PROVIDE (__init_array_start, .)
 *(SORT(.init_array.*))
 *(.init_array)
                0x000005a4                PROVIDE (__init_array_end, .)
                0x000005a4                . = ALIGN (0x4)
                0x000005a4                PROVIDE (__fini_array_start, .)
 *(SORT(.fini_array.*))
 *(.fini_array)
                0x000005a4                PROVIDE (__fini_array_end, .)

.flashtext
 *(.flashtext .flashtext.*)

.text           0x000005a4     0x39a0
 *(.text .text.*)
 .text._exit    0x000005a4        0x4 ./system/src/newlib/_exit.o
                0x000005a4                _exit
 .text._sbrk    0x000005a8       0x44 ./system/src/newlib/_sbrk.o
                0x000005a8                _sbrk
 .text.__initialize_args
                0x000005ec       0x10 ./system/src/newlib/_syscalls.o
                0x000005ec                __initialize_args
 .text.trace_printf
                0x000005fc       0x30 ./system/src/diag/Trace.o
                0x000005fc                trace_printf
 .text._trace_write_semihosting_debug
                0x0000062c       0x64 ./system/src/diag/trace_impl.o
 .text.trace_write
                0x00000690        0x8 ./system/src/diag/trace_impl.o
                0x00000690                trace_write
 .text.__initialize_hardware_early
                0x00000698        0x8 ./system/src/cortexm/_initialize_hardware.o
                0x00000698                __initialize_hardware_early
 .text.__initialize_hardware
                0x000006a0        0x8 ./system/src/cortexm/_initialize_hardware.o
                0x000006a0                __initialize_hardware
 .text.dumpExceptionStack
                0x000006a8       0x88 ./system/src/cortexm/exception_handlers.o
                0x000006a8                dumpExceptionStack
 .text.SystemInit
                0x00000730       0xb0 ./system/src/cmsis/system_MKL25Z4.o
                0x00000730                SystemInit
 .text.SystemCoreClockUpdate
                0x000007e0      0x138 ./system/src/cmsis/system_MKL25Z4.o
                0x000007e0                SystemCoreClockUpdate
 .text.TickTimerSetup
                0x00000918       0x20 ./src/hal/HAL.o
                0x00000918                TickTimerSetup
 .text.TickTimer
                0x00000938       0x18 ./src/hal/HAL.o
                0x00000938                TickTimer
 .text.SwitchContext
                0x00000950       0x9c ./src/hal/HAL.o
                0x00000950                SwitchContext
 .text.SwitchContextToFirstTask
                0x000009ec       0x44 ./src/hal/HAL.o
                0x000009ec                SwitchContextToFirstTask
 .text.CreateVirtualStack
                0x00000a30       0xb0 ./src/hal/HAL.o
                0x00000a30                CreateVirtualStack
 .text.OS_CPU_SR_Save
                0x00000ae0        0x8 ./src/hal/HAL.o
                0x00000ae0                OS_CPU_SR_Save
 .text.OS_CPU_SR_Restore
                0x00000ae8        0x8 ./src/hal/HAL.o
                0x00000ae8                OS_CPU_SR_Restore
 .text.Idle     0x00000af0        0x4 ./src/brtos/BRTOS.o
                0x00000af0                Idle
 .text.OSGetCount
                0x00000af4        0xc ./src/brtos/BRTOS.o
                0x00000af4                OSGetCount
 .text.OSIncCounter
                0x00000b00       0x2c ./src/brtos/BRTOS.o
                0x00000b00                OSIncCounter
 .text.OSDelayTask
                0x00000b2c       0xec ./src/brtos/BRTOS.o
                0x00000b2c                OSDelayTask
 .text.OS_TICK_HANDLER
                0x00000c18       0xac ./src/brtos/BRTOS.o
                0x00000c18                OS_TICK_HANDLER
 .text.PreInstallTasks
                0x00000cc4       0x84 ./src/brtos/BRTOS.o
                0x00000cc4                PreInstallTasks
 .text.OSInstallTask
                0x00000d48      0x1f8 ./src/brtos/BRTOS.o
                0x00000d48                OSInstallTask
 .text.initEvents
                0x00000f40       0x70 ./src/brtos/BRTOS.o
                0x00000f40                initEvents
 .text.BRTOSInit
                0x00000fb0       0x10 ./src/brtos/BRTOS.o
                0x00000fb0                BRTOSInit
 .text.SAScheduler
                0x00000fc0      0x180 ./src/brtos/BRTOS.o
                0x00000fc0                SAScheduler
 .text.OSSchedule
                0x00001140       0x24 ./src/brtos/BRTOS.o
                0x00001140                OSSchedule
 .text.BRTOSStart
                0x00001164       0x54 ./src/brtos/BRTOS.o
                0x00001164                BRTOSStart
 .text.OSUpdateUptime
                0x000011b8       0x58 ./src/brtos/OSTime.o
                0x000011b8                OSUpdateUptime
 .text.OSResetTime
                0x00001210       0x1c ./src/brtos/OSTime.o
                0x00001210                OSResetTime
 .text.OSDevOpen
                0x0000122c      0x134 ./src/brtos/device.o
                0x0000122c                OSDevOpen
 .text.OSDevWrite
                0x00001360        0xc ./src/brtos/device.o
                0x00001360                OSDevWrite
 .text.OSDevRead
                0x0000136c        0xc ./src/brtos/device.o
                0x0000136c                OSDevRead
 .text.OSDevSet
                0x00001378        0xc ./src/brtos/device.o
                0x00001378                OSDevSet
 .text.OSMboxCreate
                0x00001384       0xac ./src/brtos/mbox.o
                0x00001384                OSMboxCreate
 .text.OSMboxPend
                0x00001430      0x1f8 ./src/brtos/mbox.o
                0x00001430                OSMboxPend
 .text.OSMboxPost
                0x00001628       0x70 ./src/brtos/mbox.o
                0x00001628                OSMboxPost
 .text.OSQueueCreate
                0x00001698      0x124 ./src/brtos/queue.o
                0x00001698                OSQueueCreate
 .text.OSQueuePend
                0x000017bc      0x234 ./src/brtos/queue.o
                0x000017bc                OSQueuePend
 .text.OSQueuePost
                0x000019f0       0x98 ./src/brtos/queue.o
                0x000019f0                OSQueuePost
 .text.OSSemCreate
                0x00001a88       0x88 ./src/brtos/semaphore.o
                0x00001a88                OSSemCreate
 .text.OSSemPend
                0x00001b10      0x1ec ./src/brtos/semaphore.o
                0x00001b10                OSSemPend
 .text.OSSemPost
                0x00001cfc       0x84 ./src/brtos/semaphore.o
                0x00001cfc                OSSemPost
 .text.mma8451_read
                0x00001d80       0xac ./src/Drivers/MMA8451/accel.o
                0x00001d80                mma8451_read
 .text.mma8451_write
                0x00001e2c       0x7c ./src/Drivers/MMA8451/accel.o
                0x00001e2c                mma8451_write
 .text.accel_init
                0x00001ea8       0x58 ./src/Drivers/MMA8451/accel.o
                0x00001ea8                accel_init
 .text._read_reg14
                0x00001f00       0x1c ./src/Drivers/MMA8451/accel.o
                0x00001f00                _read_reg14
 .text.accel_x  0x00001f1c        0xc ./src/Drivers/MMA8451/accel.o
                0x00001f1c                accel_x
 .text.accel_y  0x00001f28        0xc ./src/Drivers/MMA8451/accel.o
                0x00001f28                accel_y
 .text.accel_z  0x00001f34        0xc ./src/Drivers/MMA8451/accel.o
                0x00001f34                accel_z
 .text.DAC0_Init
                0x00001f40       0x64 ./src/Drivers/DAC/DAC.o
                0x00001f40                DAC0_Init
 .text.DAC0_SetData
                0x00001fa4       0x10 ./src/Drivers/DAC/DAC.o
                0x00001fa4                DAC0_SetData
 .text.GPIO_Set
                0x00001fb4       0x14 ./src/Drivers/GPIOx.o
 .text.GPIO_Get
                0x00001fc8        0x4 ./src/Drivers/GPIOx.o
 .text.GPIO_Read
                0x00001fcc        0xc ./src/Drivers/GPIOx.o
 .text.GPIO_Write
                0x00001fd8       0x10 ./src/Drivers/GPIOx.o
 .text.OSOpenGPIO
                0x00001fe8      0x12c ./src/Drivers/GPIOx.o
                0x00001fe8                OSOpenGPIO
 .text.UART_Set
                0x00002114       0x14 ./src/Drivers/UARTx.o
 .text.UART_Get
                0x00002128       0x2c ./src/Drivers/UARTx.o
 .text.USART0IntHandler
                0x00002154       0x5c ./src/Drivers/UARTx.o
                0x00002154                USART0IntHandler
 .text.USART1IntHandler
                0x000021b0       0x5c ./src/Drivers/UARTx.o
                0x000021b0                USART1IntHandler
 .text.USART2IntHandler
                0x0000220c       0x5c ./src/Drivers/UARTx.o
                0x0000220c                USART2IntHandler
 .text.UART_Read
                0x00002268       0x44 ./src/Drivers/UARTx.o
 .text.UART_Write
                0x000022ac       0x58 ./src/Drivers/UARTx.o
 .text.Init_UART0
                0x00002304       0xd0 ./src/Drivers/UARTx.o
 .text.Init_UART1
                0x000023d4       0xdc ./src/Drivers/UARTx.o
 .text.Init_UART2
                0x000024b0       0xdc ./src/Drivers/UARTx.o
 .text.OSOpenUART
                0x0000258c       0x50 ./src/Drivers/UARTx.o
                0x0000258c                OSOpenUART
 .text.xIntEnable
                0x000025dc       0x8c ./src/CoX/CoX_Peripheral/src/xcore.o
                0x000025dc                xIntEnable
 .text.GPIOToPortGet
                0x00002668       0x60 ./src/CoX/CoX_Peripheral/src/xgpio.o
 .text.GPIODirModeSet
                0x000026c8       0x18 ./src/CoX/CoX_Peripheral/src/xgpio.o
                0x000026c8                GPIODirModeSet
 .text.xGPIODirModeSet
                0x000026e0       0x28 ./src/CoX/CoX_Peripheral/src/xgpio.o
                0x000026e0                xGPIODirModeSet
 .text.GPIOPinRead
                0x00002708        0x8 ./src/CoX/CoX_Peripheral/src/xgpio.o
                0x00002708                GPIOPinRead
 .text.GPIOPinWrite
                0x00002710       0x18 ./src/CoX/CoX_Peripheral/src/xgpio.o
                0x00002710                GPIOPinWrite
 .text.GPIOPinReset
                0x00002728        0x4 ./src/CoX/CoX_Peripheral/src/xgpio.o
                0x00002728                GPIOPinReset
 .text.GPIOPadConfigSet
                0x0000272c       0x30 ./src/CoX/CoX_Peripheral/src/xgpio.o
                0x0000272c                GPIOPadConfigSet
 .text.GPIOPinConfigure
                0x0000275c       0x30 ./src/CoX/CoX_Peripheral/src/xgpio.o
                0x0000275c                GPIOPinConfigure
 .text.SysCtlPeripheralEnable
                0x0000278c       0x24 ./src/CoX/CoX_Peripheral/src/xsysctl.o
                0x0000278c                SysCtlPeripheralEnable
 .text.SysCtlPeripheralClockSourceSet
                0x000027b0      0x268 ./src/CoX/CoX_Peripheral/src/xsysctl.o
                0x000027b0                SysCtlPeripheralClockSourceSet
 .text.UART0SEIntHandler
                0x00002a18       0x30 ./src/CoX/CoX_Peripheral/src/xuart.o
                0x00002a18                UART0SEIntHandler
 .text.UART1SEIntHandler
                0x00002a48       0x30 ./src/CoX/CoX_Peripheral/src/xuart.o
                0x00002a48                UART1SEIntHandler
 .text.UART2SEIntHandler
                0x00002a78       0x30 ./src/CoX/CoX_Peripheral/src/xuart.o
                0x00002a78                UART2SEIntHandler
 .text.UARTConfigSet
                0x00002aa8      0x1c0 ./src/CoX/CoX_Peripheral/src/xuart.o
                0x00002aa8                UARTConfigSet
 .text.UARTEnable
                0x00002c68        0xc ./src/CoX/CoX_Peripheral/src/xuart.o
                0x00002c68                UARTEnable
 .text.UARTDisable
                0x00002c74        0x8 ./src/CoX/CoX_Peripheral/src/xuart.o
                0x00002c74                UARTDisable
 .text.UARTIntEnable
                0x00002c7c       0x2c ./src/CoX/CoX_Peripheral/src/xuart.o
                0x00002c7c                UARTIntEnable
 .text.UARTIntDisable
                0x00002ca8       0x28 ./src/CoX/CoX_Peripheral/src/xuart.o
                0x00002ca8                UARTIntDisable
 .text.UARTIntCallbackInit
                0x00002cd0       0x34 ./src/CoX/CoX_Peripheral/src/xuart.o
                0x00002cd0                UARTIntCallbackInit
 .text.WDTimerInit
                0x00002d04        0xc ./src/CoX/CoX_Peripheral/src/xwdt.o
                0x00002d04                WDTimerInit
 .text.WDTimerEnable
                0x00002d10       0x14 ./src/CoX/CoX_Peripheral/src/xwdt.o
                0x00002d10                WDTimerEnable
 .text.WDTimerRestart
                0x00002d24       0x10 ./src/CoX/CoX_Peripheral/src/xwdt.o
                0x00002d24                WDTimerRestart
 .text.main     0x00002d34       0xb0 ./src/main.o
                0x00002d34                main
 .text.System_Time
                0x00002de4       0x50 ./src/tasks.o
                0x00002de4                System_Time
 .text.Test_Task_1
                0x00002e34       0x38 ./src/tasks.o
                0x00002e34                Test_Task_1
 .text.Test_Task_2
                0x00002e6c      0x16c ./src/tasks.o
                0x00002e6c                Test_Task_2
 .text.SerialTask
                0x00002fd8       0x68 ./src/tasks.o
                0x00002fd8                SerialTask
 .text          0x00003040      0x120 c:/program files (x86)/gnu tools arm embedded/4.9 2015q3/bin/../lib/gcc/arm-none-eabi/4.9.3/armv6-m\libgcc.a(_udivsi3.o)
                0x00003040                __aeabi_uidiv
                0x00003040                __udivsi3
                0x0000314c                __aeabi_uidivmod
 .text          0x00003160        0x4 c:/program files (x86)/gnu tools arm embedded/4.9 2015q3/bin/../lib/gcc/arm-none-eabi/4.9.3/armv6-m\libgcc.a(_dvmd_tls.o)
                0x00003160                __aeabi_idiv0
                0x00003160                __aeabi_ldiv0
 .text.__errno  0x00003164        0xc c:/program files (x86)/gnu tools arm embedded/4.9 2015q3/bin/../lib/gcc/arm-none-eabi/4.9.3/../../../../arm-none-eabi/lib/armv6-m\libg_nano.a(lib_a-errno.o)
                0x00003164                __errno
 .text.memcpy   0x00003170       0x12 c:/program files (x86)/gnu tools arm embedded/4.9 2015q3/bin/../lib/gcc/arm-none-eabi/4.9.3/../../../../arm-none-eabi/lib/armv6-m\libg_nano.a(lib_a-memcpy.o)
                0x00003170                memcpy
 .text          0x00003182       0x14 c:/program files (x86)/gnu tools arm embedded/4.9 2015q3/bin/../lib/gcc/arm-none-eabi/4.9.3/../../../../arm-none-eabi/lib/armv6-m\libg_nano.a(lib_a-strcmp.o)
                0x00003182                strcmp
 .text.strlen   0x00003196        0xe c:/program files (x86)/gnu tools arm embedded/4.9 2015q3/bin/../lib/gcc/arm-none-eabi/4.9.3/../../../../arm-none-eabi/lib/armv6-m\libg_nano.a(lib_a-strlen.o)
                0x00003196                strlen
 .text.strncmp  0x000031a4       0x28 c:/program files (x86)/gnu tools arm embedded/4.9 2015q3/bin/../lib/gcc/arm-none-eabi/4.9.3/../../../../arm-none-eabi/lib/armv6-m\libg_nano.a(lib_a-strncmp.o)
                0x000031a4                strncmp
 .text._vsnprintf_r
                0x000031cc       0x54 c:/program files (x86)/gnu tools arm embedded/4.9 2015q3/bin/../lib/gcc/arm-none-eabi/4.9.3/../../../../arm-none-eabi/lib/armv6-m\libg_nano.a(lib_a-vsnprintf.o)
                0x000031cc                _vsniprintf_r
                0x000031cc                _vsnprintf_r
 .text.vsnprintf
                0x00003220       0x20 c:/program files (x86)/gnu tools arm embedded/4.9 2015q3/bin/../lib/gcc/arm-none-eabi/4.9.3/../../../../arm-none-eabi/lib/armv6-m\libg_nano.a(lib_a-vsnprintf.o)
                0x00003220                vsniprintf
                0x00003220                vsnprintf
 .text._malloc_r
                0x00003240       0xb0 c:/program files (x86)/gnu tools arm embedded/4.9 2015q3/bin/../lib/gcc/arm-none-eabi/4.9.3/../../../../arm-none-eabi/lib/armv6-m\libg_nano.a(lib_a-nano-mallocr.o)
                0x00003240                _malloc_r
 .text.__ssputs_r
                0x000032f0       0xc0 c:/program files (x86)/gnu tools arm embedded/4.9 2015q3/bin/../lib/gcc/arm-none-eabi/4.9.3/../../../../arm-none-eabi/lib/armv6-m\libg_nano.a(lib_a-nano-svfprintf.o)
                0x000032f0                __ssputs_r
 .text._svfprintf_r
                0x000033b0      0x1ec c:/program files (x86)/gnu tools arm embedded/4.9 2015q3/bin/../lib/gcc/arm-none-eabi/4.9.3/../../../../arm-none-eabi/lib/armv6-m\libg_nano.a(lib_a-nano-svfprintf.o)
                0x000033b0                _svfiprintf_r
                0x000033b0                _svfprintf_r
 .text._printf_common
                0x0000359c       0xdc c:/program files (x86)/gnu tools arm embedded/4.9 2015q3/bin/../lib/gcc/arm-none-eabi/4.9.3/../../../../arm-none-eabi/lib/armv6-m\libg_nano.a(lib_a-nano-vfprintf_i.o)
                0x0000359c                _printf_common
 .text._printf_i
                0x00003678      0x230 c:/program files (x86)/gnu tools arm embedded/4.9 2015q3/bin/../lib/gcc/arm-none-eabi/4.9.3/../../../../arm-none-eabi/lib/armv6-m\libg_nano.a(lib_a-nano-vfprintf_i.o)
                0x00003678                _printf_i
 .text._sbrk_r  0x000038a8       0x24 c:/program files (x86)/gnu tools arm embedded/4.9 2015q3/bin/../lib/gcc/arm-none-eabi/4.9.3/../../../../arm-none-eabi/lib/armv6-m\libg_nano.a(lib_a-sbrkr.o)
                0x000038a8                _sbrk_r
 .text.memchr   0x000038cc       0x16 c:/program files (x86)/gnu tools arm embedded/4.9 2015q3/bin/../lib/gcc/arm-none-eabi/4.9.3/../../../../arm-none-eabi/lib/armv6-m\libg_nano.a(lib_a-memchr.o)
                0x000038cc                memchr
 .text.memmove  0x000038e2       0x28 c:/program files (x86)/gnu tools arm embedded/4.9 2015q3/bin/../lib/gcc/arm-none-eabi/4.9.3/../../../../arm-none-eabi/lib/armv6-m\libg_nano.a(lib_a-memmove.o)
                0x000038e2                memmove
 *fill*         0x0000390a        0x2 
 .text._free_r  0x0000390c       0x8c c:/program files (x86)/gnu tools arm embedded/4.9 2015q3/bin/../lib/gcc/arm-none-eabi/4.9.3/../../../../arm-none-eabi/lib/armv6-m\libg_nano.a(lib_a-nano-freer.o)
                0x0000390c                _free_r
 .text._realloc_r
                0x00003998       0x4c c:/program files (x86)/gnu tools arm embedded/4.9 2015q3/bin/../lib/gcc/arm-none-eabi/4.9.3/../../../../arm-none-eabi/lib/armv6-m\libg_nano.a(lib_a-nano-reallocr.o)
                0x00003998                _realloc_r
 .text._malloc_usable_size_r
                0x000039e4       0x16 c:/program files (x86)/gnu tools arm embedded/4.9 2015q3/bin/../lib/gcc/arm-none-eabi/4.9.3/../../../../arm-none-eabi/lib/armv6-m\libg_nano.a(lib_a-nano-msizer.o)
                0x000039e4                _malloc_usable_size_r
 *(.rodata .rodata.* .constdata .constdata.*)
 *fill*         0x000039fa        0x2 
 .rodata.str1.4
                0x000039fc       0xbd ./system/src/cortexm/exception_handlers.o
 *fill*         0x00003ab9        0x3 
 .rodata.PriorityMask
                0x00003abc       0x80 ./src/brtos/BRTOS.o
                0x00003abc                PriorityMask
 .rodata.str1.4
                0x00003b3c       0x1c ./src/brtos/BRTOS.o
 .rodata.OSInstalledDevices
                0x00003b58       0x10 ./src/brtos/device.o
 .rodata.dev_types
                0x00003b68       0x10 ./src/brtos/device.o
 .rodata.str1.4
                0x00003b78       0x18 ./src/brtos/device.o
 .rodata.OSOpenGPIO
                0x00003b90       0x14 ./src/Drivers/GPIOx.o
 .rodata.GPIO_api
                0x00003ba4       0x10 ./src/Drivers/GPIOx.o
                0x00003ba4                GPIO_api
 .rodata.UART_Get
                0x00003bb4       0x14 ./src/Drivers/UARTx.o
 .rodata.UART_api
                0x00003bc8       0x10 ./src/Drivers/UARTx.o
 .rodata.g_pulPortBase
                0x00003bd8       0x14 ./src/CoX/CoX_Peripheral/src/xgpio.o
 .rodata.g_pulAXBCLKRegs
                0x00003bec       0x10 ./src/CoX/CoX_Peripheral/src/xsysctl.o
 .rodata.str1.4
                0x00003bfc       0x42 ./src/main.o
 *fill*         0x00003c3e        0x2 
 .rodata.Test_Task_2
                0x00003c40       0x14 ./src/tasks.o
 .rodata.str1.4
                0x00003c54       0x30 ./src/tasks.o
                                 0x2e (size before relaxing)
 .rodata.SinusOutputData
                0x00003c84      0x200 ./src/tasks.o
 .rodata.str1.1
                0x00003e84        0x2 c:/program files (x86)/gnu tools arm embedded/4.9 2015q3/bin/../lib/gcc/arm-none-eabi/4.9.3/../../../../arm-none-eabi/lib/armv6-m\libg_nano.a(lib_a-impure.o)
 *fill*         0x00003e86        0x2 
 .rodata.__sf_fake_stdin
                0x00003e88       0x20 c:/program files (x86)/gnu tools arm embedded/4.9 2015q3/bin/../lib/gcc/arm-none-eabi/4.9.3/../../../../arm-none-eabi/lib/armv6-m\libg_nano.a(lib_a-findfp.o)
                0x00003e88                __sf_fake_stdin
 .rodata.__sf_fake_stdout
                0x00003ea8       0x20 c:/program files (x86)/gnu tools arm embedded/4.9 2015q3/bin/../lib/gcc/arm-none-eabi/4.9.3/../../../../arm-none-eabi/lib/armv6-m\libg_nano.a(lib_a-findfp.o)
                0x00003ea8                __sf_fake_stdout
 .rodata.__sf_fake_stderr
                0x00003ec8       0x20 c:/program files (x86)/gnu tools arm embedded/4.9 2015q3/bin/../lib/gcc/arm-none-eabi/4.9.3/../../../../arm-none-eabi/lib/armv6-m\libg_nano.a(lib_a-findfp.o)
                0x00003ec8                __sf_fake_stderr
 .rodata.str1.1
                0x00003ee8       0x11 c:/program files (x86)/gnu tools arm embedded/4.9 2015q3/bin/../lib/gcc/arm-none-eabi/4.9.3/../../../../arm-none-eabi/lib/armv6-m\libg_nano.a(lib_a-nano-svfprintf.o)
 .rodata.str1.1
                0x00003ef9       0x22 c:/program files (x86)/gnu tools arm embedded/4.9 2015q3/bin/../lib/gcc/arm-none-eabi/4.9.3/../../../../arm-none-eabi/lib/armv6-m\libg_nano.a(lib_a-nano-vfprintf_i.o)
 *(vtable)
 *(.eh_frame*)
 *fill*         0x00003f1b        0x1 
 .eh_frame      0x00003f1c       0x28 c:/program files (x86)/gnu tools arm embedded/4.9 2015q3/bin/../lib/gcc/arm-none-eabi/4.9.3/../../../../arm-none-eabi/lib/armv6-m\libg_nano.a(lib_a-strcmp.o)
 *(.glue_7)
 .glue_7        0x00000000        0x0 linker stubs
 *(.glue_7t)
 .glue_7t       0x00000000        0x0 linker stubs

.vfp11_veneer   0x00003f44        0x0
 .vfp11_veneer  0x00000000        0x0 linker stubs

.v4_bx          0x00003f44        0x0
 .v4_bx         0x00000000        0x0 linker stubs

.iplt           0x00003f44        0x0
 .iplt          0x00000000        0x0 ./system/src/newlib/_cxx.o

.rel.dyn        0x00003f44        0x0
 .rel.iplt      0x00000000        0x0 ./system/src/newlib/_cxx.o

.ARM.extab
 *(.ARM.extab* .gnu.linkonce.armextab.*)
                0x00003f44                . = ALIGN (0x4)
                0x00003f44                __exidx_start = .

.ARM.exidx
 *(.ARM.exidx* .gnu.linkonce.armexidx.*)
                0x00003f44                __exidx_end = .
                0x00003f44                . = ALIGN (0x4)
                0x00003f44                _etext = .
                0x00003f44                __etext = .

.data_CCMRAM    0x00000000        0x0 load address 0x00003f44
 FILL mask 0xff
 *(.data.CCMRAM .data.CCMRAM.*)
                0x00000000                . = ALIGN (0x4)
                0x00003f44                _sidata = LOADADDR (.data)

.data           0x1ffff000       0x7c load address 0x00003f44
 FILL mask 0xff
                0x1ffff000                _sdata = .
                0x1ffff000                __data_start__ = .
 *(.data_begin .data_begin.*)
 .data_begin    0x1ffff000        0x4 ./system/src/newlib/_startup.o
 *(.data .data.*)
 .data.argv.4609
                0x1ffff004        0x8 ./system/src/newlib/_syscalls.o
 .data.SystemCoreClock
                0x1ffff00c        0x4 ./system/src/cmsis/system_MKL25Z4.o
                0x1ffff00c                SystemCoreClock
 .data.OSBlockedList
                0x1ffff010        0x4 ./src/brtos/BRTOS.o
                0x1ffff010                OSBlockedList
 .data.impure_data
                0x1ffff014       0x60 c:/program files (x86)/gnu tools arm embedded/4.9 2015q3/bin/../lib/gcc/arm-none-eabi/4.9.3/../../../../arm-none-eabi/lib/armv6-m\libg_nano.a(lib_a-impure.o)
 .data._impure_ptr
                0x1ffff074        0x4 c:/program files (x86)/gnu tools arm embedded/4.9 2015q3/bin/../lib/gcc/arm-none-eabi/4.9.3/../../../../arm-none-eabi/lib/armv6-m\libg_nano.a(lib_a-impure.o)
                0x1ffff074                _impure_ptr
 *(.data_end .data_end.*)
 .data_end      0x1ffff078        0x4 ./system/src/newlib/_startup.o
                0x1ffff07c                . = ALIGN (0x4)
                0x1ffff07c                _edata = .
                0x1ffff07c                __data_end__ = .

.igot.plt       0x1ffff07c        0x0 load address 0x00003fc0
 .igot.plt      0x00000000        0x0 ./system/src/newlib/_cxx.o

.bss_CCMRAM     0x00000000        0x0
 *(.bss.CCMRAM .bss.CCMRAM.*)

.bss            0x1ffff080      0xcd0
                0x1ffff080                __bss_start__ = .
                0x1ffff080                _sbss = .
 *(.bss_begin .bss_begin.*)
 .bss_begin     0x1ffff080        0x4 ./system/src/newlib/_startup.o
 *(.bss .bss.*)
 .bss.current_heap_end.4310
                0x1ffff084        0x4 ./system/src/newlib/_sbrk.o
 .bss.name.4608
                0x1ffff088        0x1 ./system/src/newlib/_syscalls.o
 *fill*         0x1ffff089        0x3 
 .bss.buf.5446  0x1ffff08c       0x80 ./system/src/diag/Trace.o
 *fill*         0x1ffff10c        0x4 
 .bss.OSTickCounter
                0x1ffff110        0x8 ./src/brtos/BRTOS.o
 .bss.iQueueAddress
                0x1ffff118        0x2 ./src/brtos/BRTOS.o
                0x1ffff118                iQueueAddress
 *fill*         0x1ffff11a        0x2 
 .bss.TaskAlloc
                0x1ffff11c        0x4 ./src/brtos/BRTOS.o
                0x1ffff11c                TaskAlloc
 .bss.iStackAddress
                0x1ffff120        0x2 ./src/brtos/BRTOS.o
                0x1ffff120                iStackAddress
 .bss.iNesting  0x1ffff122        0x1 ./src/brtos/BRTOS.o
                0x1ffff122                iNesting
 *fill*         0x1ffff123        0x1 
 .bss.OSReadyList
                0x1ffff124        0x4 ./src/brtos/BRTOS.o
                0x1ffff124                OSReadyList
 .bss.Data      0x1ffff128        0x4 ./src/brtos/OSTime.o
 .bss.Hora      0x1ffff12c        0x3 ./src/brtos/OSTime.o
 *fill*         0x1ffff12f        0x1 
 .bss.BRTOSDevices
                0x1ffff130       0x50 ./src/brtos/device.o
 .bss.BRTOSDevControl
                0x1ffff180       0x3c ./src/brtos/device.o
 .bss.SerialQ   0x1ffff1bc        0xc ./src/Drivers/UARTx.o
 .bss.SerialTX  0x1ffff1c8        0xc ./src/Drivers/UARTx.o
 .bss.g_pfnUARTHandlerCallbacks
                0x1ffff1d4        0xc ./src/CoX/CoX_Peripheral/src/xuart.o
 .bss.g_WatchDogStatue
                0x1ffff1e0        0x4 ./src/CoX/CoX_Peripheral/src/xwdt.o
 .bss.__malloc_sbrk_start
                0x1ffff1e4        0x4 c:/program files (x86)/gnu tools arm embedded/4.9 2015q3/bin/../lib/gcc/arm-none-eabi/4.9.3/../../../../arm-none-eabi/lib/armv6-m\libg_nano.a(lib_a-nano-mallocr.o)
                0x1ffff1e4                __malloc_sbrk_start
 .bss.__malloc_free_list
                0x1ffff1e8        0x4 c:/program files (x86)/gnu tools arm embedded/4.9 2015q3/bin/../lib/gcc/arm-none-eabi/4.9.3/../../../../arm-none-eabi/lib/armv6-m\libg_nano.a(lib_a-nano-mallocr.o)
                0x1ffff1e8                __malloc_free_list
 *(COMMON)
 COMMON         0x1ffff1ec        0x4 ./system/src/newlib/_syscalls.o
                0x1ffff1ec                errno
 COMMON         0x1ffff1f0        0x4 ./src/hal/HAL.o
                0x1ffff1f0                SPvalue
 *fill*         0x1ffff1f4        0x4 
 COMMON         0x1ffff1f8      0xb50 ./src/brtos/BRTOS.o
                0x1ffff1f8                BRTOS_Sem_Table
                0x1ffff218                StackAddress
                0x1ffff21c                BRTOS_Queue_Table
                0x1ffff240                NumberOfInstalledTasks
                0x1ffff244                PriorityVector
                0x1ffff264                SelectedTask
                0x1ffff265                currentTask
                0x1ffff268                QUEUE_STACK
                0x1ffff368                BRTOS_Mutex_Table
                0x1ffff380                BRTOS_Mbox_Table
                0x1ffff398                STACK
                0x1ffffb98                Head
                0x1ffffba0                ContextTask
                0x1ffffd08                Tail
                0x1ffffd0c                BRTOS_OS_QUEUE_Table
 COMMON         0x1ffffd48        0x4 ./src/main.o
                0x1ffffd48                Data
 *(.bss_end .bss_end.*)
 .bss_end       0x1ffffd4c        0x4 ./system/src/newlib/_startup.o
                0x1ffffd50                . = ALIGN (0x4)
                0x1ffffd50                __bss_end__ = .
                0x1ffffd50                _ebss = .

.noinit_CCMRAM
 *(.noinit.CCMRAM .noinit.CCMRAM.*)

.noinit         0x1ffffd50        0x0
                0x1ffffd50                _noinit = .
 *(.noinit .noinit.*)
                0x1ffffd50                . = ALIGN (0x4)
                0x1ffffd50                _end_noinit = .
                0x1ffffd50                PROVIDE (end, _end_noinit)
                0x1ffffd50                PROVIDE (_end, _end_noinit)
                0x1ffffd50                PROVIDE (__end, _end_noinit)
                0x1ffffd50                PROVIDE (__end__, _end_noinit)

._check_stack   0x1ffffd50      0x100
                0x1ffffe50                . = (. + _Minimum_Stack_Size)
 *fill*         0x1ffffd50      0x100 

.b1text
 *(.b1text)
 *(.b1rodata)
 *(.b1rodata.*)

.eb0text
 *(.eb0text)
 *(.eb0rodata)
 *(.eb0rodata.*)

.eb1text
 *(.eb1text)
 *(.eb1rodata)
 *(.eb1rodata.*)

.eb2text
 *(.eb2text)
 *(.eb2rodata)
 *(.eb2rodata.*)

.eb3text
 *(.eb3text)
 *(.eb3rodata)
 *(.eb3rodata.*)

.stab
 *(.stab)

.stabstr
 *(.stabstr)

.stab.excl
 *(.stab.excl)

.stab.exclstr
 *(.stab.exclstr)

.stab.index
 *(.stab.index)

.stab.indexstr
 *(.stab.indexstr)

.comment        0x00000000       0x70
 *(.comment)
 .comment       0x00000000       0x70 ./system/src/newlib/_exit.o
                                 0x71 (size before relaxing)
 .comment       0x00000000       0x71 ./system/src/newlib/_sbrk.o
 .comment       0x00000000       0x71 ./system/src/newlib/_startup.o
 .comment       0x00000000       0x71 ./system/src/newlib/_syscalls.o
 .comment       0x00000000       0x71 ./system/src/diag/Trace.o
 .comment       0x00000000       0x71 ./system/src/diag/trace_impl.o
 .comment       0x00000000       0x71 ./system/src/cortexm/_initialize_hardware.o
 .comment       0x00000000       0x71 ./system/src/cortexm/exception_handlers.o
 .comment       0x00000000       0x71 ./system/src/cmsis/system_MKL25Z4.o
 .comment       0x00000000       0x71 ./system/src/cmsis/vectors_MKL25Z4.o
 .comment       0x00000000       0x71 ./src/hal/HAL.o
 .comment       0x00000000       0x71 ./src/brtos/BRTOS.o
 .comment       0x00000000       0x71 ./src/brtos/OSTime.o
 .comment       0x00000000       0x71 ./src/brtos/device.o
 .comment       0x00000000       0x71 ./src/brtos/mbox.o
 .comment       0x00000000       0x71 ./src/brtos/queue.o
 .comment       0x00000000       0x71 ./src/brtos/semaphore.o
 .comment       0x00000000       0x71 ./src/Drivers/MMA8451/accel.o
 .comment       0x00000000       0x71 ./src/Drivers/DAC/DAC.o
 .comment       0x00000000       0x71 ./src/Drivers/GPIOx.o
 .comment       0x00000000       0x71 ./src/Drivers/UARTx.o
 .comment       0x00000000       0x71 ./src/CoX/CoX_Peripheral/src/xcore.o
 .comment       0x00000000       0x71 ./src/CoX/CoX_Peripheral/src/xgpio.o
 .comment       0x00000000       0x71 ./src/CoX/CoX_Peripheral/src/xsysctl.o
 .comment       0x00000000       0x71 ./src/CoX/CoX_Peripheral/src/xuart.o
 .comment       0x00000000       0x71 ./src/CoX/CoX_Peripheral/src/xwdt.o
 .comment       0x00000000       0x71 ./src/main.o
 .comment       0x00000000       0x71 ./src/tasks.o

.ARM.attributes
                0x00000000       0x30
 .ARM.attributes
                0x00000000       0x32 ./system/src/newlib/_exit.o
 .ARM.attributes
                0x00000032       0x32 ./system/src/newlib/_sbrk.o
 .ARM.attributes
                0x00000064       0x32 ./system/src/newlib/_startup.o
 .ARM.attributes
                0x00000096       0x32 ./system/src/newlib/_syscalls.o
 .ARM.attributes
                0x000000c8       0x32 ./system/src/diag/Trace.o
 .ARM.attributes
                0x000000fa       0x32 ./system/src/diag/trace_impl.o
 .ARM.attributes
                0x0000012c       0x32 ./system/src/cortexm/_initialize_hardware.o
 .ARM.attributes
                0x0000015e       0x32 ./system/src/cortexm/exception_handlers.o
 .ARM.attributes
                0x00000190       0x32 ./system/src/cmsis/system_MKL25Z4.o
 .ARM.attributes
                0x000001c2       0x32 ./system/src/cmsis/vectors_MKL25Z4.o
 .ARM.attributes
                0x000001f4       0x32 ./src/hal/HAL.o
 .ARM.attributes
                0x00000226       0x32 ./src/brtos/BRTOS.o
 .ARM.attributes
                0x00000258       0x32 ./src/brtos/OSTime.o
 .ARM.attributes
                0x0000028a       0x32 ./src/brtos/device.o
 .ARM.attributes
                0x000002bc       0x32 ./src/brtos/mbox.o
 .ARM.attributes
                0x000002ee       0x32 ./src/brtos/queue.o
 .ARM.attributes
                0x00000320       0x32 ./src/brtos/semaphore.o
 .ARM.attributes
                0x00000352       0x32 ./src/Drivers/MMA8451/accel.o
 .ARM.attributes
                0x00000384       0x32 ./src/Drivers/DAC/DAC.o
 .ARM.attributes
                0x000003b6       0x32 ./src/Drivers/GPIOx.o
 .ARM.attributes
                0x000003e8       0x32 ./src/Drivers/UARTx.o
 .ARM.attributes
                0x0000041a       0x32 ./src/CoX/CoX_Peripheral/src/xcore.o
 .ARM.attributes
                0x0000044c       0x32 ./src/CoX/CoX_Peripheral/src/xgpio.o
 .ARM.attributes
                0x0000047e       0x32 ./src/CoX/CoX_Peripheral/src/xsysctl.o
 .ARM.attributes
                0x000004b0       0x32 ./src/CoX/CoX_Peripheral/src/xuart.o
 .ARM.attributes
                0x000004e2       0x32 ./src/CoX/CoX_Peripheral/src/xwdt.o
 .ARM.attributes
                0x00000514       0x32 ./src/main.o
 .ARM.attributes
                0x00000546       0x32 ./src/tasks.o
 .ARM.attributes
                0x00000578       0x1e c:/program files (x86)/gnu tools arm embedded/4.9 2015q3/bin/../lib/gcc/arm-none-eabi/4.9.3/armv6-m\libgcc.a(_udivsi3.o)
 .ARM.attributes
                0x00000596       0x1e c:/program files (x86)/gnu tools arm embedded/4.9 2015q3/bin/../lib/gcc/arm-none-eabi/4.9.3/armv6-m\libgcc.a(_dvmd_tls.o)
 .ARM.attributes
                0x000005b4       0x2c c:/program files (x86)/gnu tools arm embedded/4.9 2015q3/bin/../lib/gcc/arm-none-eabi/4.9.3/../../../../arm-none-eabi/lib/armv6-m\libg_nano.a(lib_a-errno.o)
 .ARM.attributes
                0x000005e0       0x2c c:/program files (x86)/gnu tools arm embedded/4.9 2015q3/bin/../lib/gcc/arm-none-eabi/4.9.3/../../../../arm-none-eabi/lib/armv6-m\libg_nano.a(lib_a-impure.o)
 .ARM.attributes
                0x0000060c       0x2c c:/program files (x86)/gnu tools arm embedded/4.9 2015q3/bin/../lib/gcc/arm-none-eabi/4.9.3/../../../../arm-none-eabi/lib/armv6-m\libg_nano.a(lib_a-memcpy.o)
 .ARM.attributes
                0x00000638       0x1c c:/program files (x86)/gnu tools arm embedded/4.9 2015q3/bin/../lib/gcc/arm-none-eabi/4.9.3/../../../../arm-none-eabi/lib/armv6-m\libg_nano.a(lib_a-strcmp.o)
 .ARM.attributes
                0x00000654       0x2c c:/program files (x86)/gnu tools arm embedded/4.9 2015q3/bin/../lib/gcc/arm-none-eabi/4.9.3/../../../../arm-none-eabi/lib/armv6-m\libg_nano.a(lib_a-strlen.o)
 .ARM.attributes
                0x00000680       0x2c c:/program files (x86)/gnu tools arm embedded/4.9 2015q3/bin/../lib/gcc/arm-none-eabi/4.9.3/../../../../arm-none-eabi/lib/armv6-m\libg_nano.a(lib_a-strncmp.o)
 .ARM.attributes
                0x000006ac       0x2c c:/program files (x86)/gnu tools arm embedded/4.9 2015q3/bin/../lib/gcc/arm-none-eabi/4.9.3/../../../../arm-none-eabi/lib/armv6-m\libg_nano.a(lib_a-vsnprintf.o)
 .ARM.attributes
                0x000006d8       0x2c c:/program files (x86)/gnu tools arm embedded/4.9 2015q3/bin/../lib/gcc/arm-none-eabi/4.9.3/../../../../arm-none-eabi/lib/armv6-m\libg_nano.a(lib_a-findfp.o)
 .ARM.attributes
                0x00000704       0x2c c:/program files (x86)/gnu tools arm embedded/4.9 2015q3/bin/../lib/gcc/arm-none-eabi/4.9.3/../../../../arm-none-eabi/lib/armv6-m\libg_nano.a(lib_a-nano-mallocr.o)
 .ARM.attributes
                0x00000730       0x2c c:/program files (x86)/gnu tools arm embedded/4.9 2015q3/bin/../lib/gcc/arm-none-eabi/4.9.3/../../../../arm-none-eabi/lib/armv6-m\libg_nano.a(lib_a-nano-svfprintf.o)
 .ARM.attributes
                0x0000075c       0x2c c:/program files (x86)/gnu tools arm embedded/4.9 2015q3/bin/../lib/gcc/arm-none-eabi/4.9.3/../../../../arm-none-eabi/lib/armv6-m\libg_nano.a(lib_a-nano-vfprintf_i.o)
 .ARM.attributes
                0x00000788       0x2c c:/program files (x86)/gnu tools arm embedded/4.9 2015q3/bin/../lib/gcc/arm-none-eabi/4.9.3/../../../../arm-none-eabi/lib/armv6-m\libg_nano.a(lib_a-sbrkr.o)
 .ARM.attributes
                0x000007b4       0x2c c:/program files (x86)/gnu tools arm embedded/4.9 2015q3/bin/../lib/gcc/arm-none-eabi/4.9.3/../../../../arm-none-eabi/lib/armv6-m\libg_nano.a(lib_a-memchr.o)
 .ARM.attributes
                0x000007e0       0x2c c:/program files (x86)/gnu tools arm embedded/4.9 2015q3/bin/../lib/gcc/arm-none-eabi/4.9.3/../../../../arm-none-eabi/lib/armv6-m\libg_nano.a(lib_a-memmove.o)
 .ARM.attributes
                0x0000080c       0x2c c:/program files (x86)/gnu tools arm embedded/4.9 2015q3/bin/../lib/gcc/arm-none-eabi/4.9.3/../../../../arm-none-eabi/lib/armv6-m\libg_nano.a(lib_a-nano-freer.o)
 .ARM.attributes
                0x00000838       0x2c c:/program files (x86)/gnu tools arm embedded/4.9 2015q3/bin/../lib/gcc/arm-none-eabi/4.9.3/../../../../arm-none-eabi/lib/armv6-m\libg_nano.a(lib_a-nano-reallocr.o)
 .ARM.attributes
                0x00000864       0x2c c:/program files (x86)/gnu tools arm embedded/4.9 2015q3/bin/../lib/gcc/arm-none-eabi/4.9.3/../../../../arm-none-eabi/lib/armv6-m\libg_nano.a(lib_a-nano-msizer.o)

.debug
 *(.debug)

.line
 *(.line)

.debug_srcinfo
 *(.debug_srcinfo)

.debug_sfnames
 *(.debug_sfnames)

.debug_aranges  0x00000000      0xc20
 *(.debug_aranges)
 .debug_aranges
                0x00000000       0x28 ./system/src/newlib/_exit.o
 .debug_aranges
                0x00000028       0x20 ./system/src/newlib/_sbrk.o
 .debug_aranges
                0x00000048       0x40 ./system/src/newlib/_startup.o
 .debug_aranges
                0x00000088       0xd0 ./system/src/newlib/_syscalls.o
 .debug_aranges
                0x00000158       0x38 ./system/src/diag/Trace.o
 .debug_aranges
                0x00000190       0x30 ./system/src/diag/trace_impl.o
 .debug_aranges
                0x000001c0       0x28 ./system/src/cortexm/_initialize_hardware.o
 .debug_aranges
                0x000001e8       0x58 ./system/src/cortexm/exception_handlers.o
 .debug_aranges
                0x00000240       0x28 ./system/src/cmsis/system_MKL25Z4.o
 .debug_aranges
                0x00000268       0x20 ./system/src/cmsis/vectors_MKL25Z4.o
 .debug_aranges
                0x00000288       0x58 ./src/hal/HAL.o
 .debug_aranges
                0x000002e0       0xb8 ./src/brtos/BRTOS.o
 .debug_aranges
                0x00000398       0x70 ./src/brtos/OSTime.o
 .debug_aranges
                0x00000408       0x40 ./src/brtos/device.o
 .debug_aranges
                0x00000448       0x38 ./src/brtos/mbox.o
 .debug_aranges
                0x00000480       0x68 ./src/brtos/queue.o
 .debug_aranges
                0x000004e8       0x40 ./src/brtos/semaphore.o
 .debug_aranges
                0x00000528       0x50 ./src/Drivers/MMA8451/accel.o
 .debug_aranges
                0x00000578       0x28 ./src/Drivers/DAC/DAC.o
 .debug_aranges
                0x000005a0       0x40 ./src/Drivers/GPIOx.o
 .debug_aranges
                0x000005e0       0x70 ./src/Drivers/UARTx.o
 .debug_aranges
                0x00000650      0x118 ./src/CoX/CoX_Peripheral/src/xcore.o
 .debug_aranges
                0x00000768       0xf8 ./src/CoX/CoX_Peripheral/src/xgpio.o
 .debug_aranges
                0x00000860      0x188 ./src/CoX/CoX_Peripheral/src/xsysctl.o
 .debug_aranges
                0x000009e8      0x1a8 ./src/CoX/CoX_Peripheral/src/xuart.o
 .debug_aranges
                0x00000b90       0x38 ./src/CoX/CoX_Peripheral/src/xwdt.o
 .debug_aranges
                0x00000bc8       0x20 ./src/main.o
 .debug_aranges
                0x00000be8       0x38 ./src/tasks.o

.debug_pubnames
 *(.debug_pubnames)

.debug_info     0x00000000     0xa88f
 *(.debug_info .gnu.linkonce.wi.*)
 .debug_info    0x00000000      0x100 ./system/src/newlib/_exit.o
 .debug_info    0x00000100      0x125 ./system/src/newlib/_sbrk.o
 .debug_info    0x00000225      0x47f ./system/src/newlib/_startup.o
 .debug_info    0x000006a4      0x90f ./system/src/newlib/_syscalls.o
 .debug_info    0x00000fb3      0x32b ./system/src/diag/Trace.o
 .debug_info    0x000012de      0x2e4 ./system/src/diag/trace_impl.o
 .debug_info    0x000015c2       0xc3 ./system/src/cortexm/_initialize_hardware.o
 .debug_info    0x00001685      0x340 ./system/src/cortexm/exception_handlers.o
 .debug_info    0x000019c5      0x474 ./system/src/cmsis/system_MKL25Z4.o
 .debug_info    0x00001e39       0xf8 ./system/src/cmsis/vectors_MKL25Z4.o
 .debug_info    0x00001f31      0x33c ./src/hal/HAL.o
 .debug_info    0x0000226d      0xda9 ./src/brtos/BRTOS.o
 .debug_info    0x00003016      0x46b ./src/brtos/OSTime.o
 .debug_info    0x00003481      0x696 ./src/brtos/device.o
 .debug_info    0x00003b17      0x51d ./src/brtos/mbox.o
 .debug_info    0x00004034      0x904 ./src/brtos/queue.o
 .debug_info    0x00004938      0x58d ./src/brtos/semaphore.o
 .debug_info    0x00004ec5      0xa38 ./src/Drivers/MMA8451/accel.o
 .debug_info    0x000058fd      0x3fc ./src/Drivers/DAC/DAC.o
 .debug_info    0x00005cf9      0x77f ./src/Drivers/GPIOx.o
 .debug_info    0x00006478     0x1068 ./src/Drivers/UARTx.o
 .debug_info    0x000074e0      0x48e ./src/CoX/CoX_Peripheral/src/xcore.o
 .debug_info    0x0000796e      0xa16 ./src/CoX/CoX_Peripheral/src/xgpio.o
 .debug_info    0x00008384      0xb4b ./src/CoX/CoX_Peripheral/src/xsysctl.o
 .debug_info    0x00008ecf      0xb4d ./src/CoX/CoX_Peripheral/src/xuart.o
 .debug_info    0x00009a1c       0x9f ./src/CoX/CoX_Peripheral/src/xwdt.o
 .debug_info    0x00009abb      0x2de ./src/main.o
 .debug_info    0x00009d99      0xaf6 ./src/tasks.o

.debug_abbrev   0x00000000     0x2990
 *(.debug_abbrev)
 .debug_abbrev  0x00000000       0xa4 ./system/src/newlib/_exit.o
 .debug_abbrev  0x000000a4       0xbb ./system/src/newlib/_sbrk.o
 .debug_abbrev  0x0000015f      0x1e9 ./system/src/newlib/_startup.o
 .debug_abbrev  0x00000348      0x178 ./system/src/newlib/_syscalls.o
 .debug_abbrev  0x000004c0      0x178 ./system/src/diag/Trace.o
 .debug_abbrev  0x00000638      0x1a3 ./system/src/diag/trace_impl.o
 .debug_abbrev  0x000007db       0x63 ./system/src/cortexm/_initialize_hardware.o
 .debug_abbrev  0x0000083e      0x165 ./system/src/cortexm/exception_handlers.o
 .debug_abbrev  0x000009a3      0x109 ./system/src/cmsis/system_MKL25Z4.o
 .debug_abbrev  0x00000aac       0xae ./system/src/cmsis/vectors_MKL25Z4.o
 .debug_abbrev  0x00000b5a      0x1db ./src/hal/HAL.o
 .debug_abbrev  0x00000d35      0x257 ./src/brtos/BRTOS.o
 .debug_abbrev  0x00000f8c      0x1ad ./src/brtos/OSTime.o
 .debug_abbrev  0x00001139      0x1a4 ./src/brtos/device.o
 .debug_abbrev  0x000012dd      0x1c7 ./src/brtos/mbox.o
 .debug_abbrev  0x000014a4      0x1c7 ./src/brtos/queue.o
 .debug_abbrev  0x0000166b      0x1cf ./src/brtos/semaphore.o
 .debug_abbrev  0x0000183a      0x1ed ./src/Drivers/MMA8451/accel.o
 .debug_abbrev  0x00001a27      0x109 ./src/Drivers/DAC/DAC.o
 .debug_abbrev  0x00001b30      0x1c1 ./src/Drivers/GPIOx.o
 .debug_abbrev  0x00001cf1      0x26f ./src/Drivers/UARTx.o
 .debug_abbrev  0x00001f60      0x151 ./src/CoX/CoX_Peripheral/src/xcore.o
 .debug_abbrev  0x000020b1      0x1b0 ./src/CoX/CoX_Peripheral/src/xgpio.o
 .debug_abbrev  0x00002261      0x213 ./src/CoX/CoX_Peripheral/src/xsysctl.o
 .debug_abbrev  0x00002474      0x16f ./src/CoX/CoX_Peripheral/src/xuart.o
 .debug_abbrev  0x000025e3       0x72 ./src/CoX/CoX_Peripheral/src/xwdt.o
 .debug_abbrev  0x00002655      0x114 ./src/main.o
 .debug_abbrev  0x00002769      0x227 ./src/tasks.o

.debug_line     0x00000000     0x76f0
 *(.debug_line)
 .debug_line    0x00000000      0x2ce ./system/src/newlib/_exit.o
 .debug_line    0x000002ce      0x27b ./system/src/newlib/_sbrk.o
 .debug_line    0x00000549      0x343 ./system/src/newlib/_startup.o
 .debug_line    0x0000088c      0x513 ./system/src/newlib/_syscalls.o
 .debug_line    0x00000d9f      0x32a ./system/src/diag/Trace.o
 .debug_line    0x000010c9      0x3ed ./system/src/diag/trace_impl.o
 .debug_line    0x000014b6      0x2db ./system/src/cortexm/_initialize_hardware.o
 .debug_line    0x00001791      0x442 ./system/src/cortexm/exception_handlers.o
 .debug_line    0x00001bd3      0x310 ./system/src/cmsis/system_MKL25Z4.o
 .debug_line    0x00001ee3      0x237 ./system/src/cmsis/vectors_MKL25Z4.o
 .debug_line    0x0000211a      0x3a6 ./src/hal/HAL.o
 .debug_line    0x000024c0      0x6b1 ./src/brtos/BRTOS.o
 .debug_line    0x00002b71      0x406 ./src/brtos/OSTime.o
 .debug_line    0x00002f77      0x473 ./src/brtos/device.o
 .debug_line    0x000033ea      0x3e7 ./src/brtos/mbox.o
 .debug_line    0x000037d1      0x4b4 ./src/brtos/queue.o
 .debug_line    0x00003c85      0x42d ./src/brtos/semaphore.o
 .debug_line    0x000040b2      0x48b ./src/Drivers/MMA8451/accel.o
 .debug_line    0x0000453d      0x2bd ./src/Drivers/DAC/DAC.o
 .debug_line    0x000047fa      0x44b ./src/Drivers/GPIOx.o
 .debug_line    0x00004c45      0x5f1 ./src/Drivers/UARTx.o
 .debug_line    0x00005236      0x38c ./src/CoX/CoX_Peripheral/src/xcore.o
 .debug_line    0x000055c2      0x458 ./src/CoX/CoX_Peripheral/src/xgpio.o
 .debug_line    0x00005a1a      0xb6f ./src/CoX/CoX_Peripheral/src/xsysctl.o
 .debug_line    0x00006589      0x579 ./src/CoX/CoX_Peripheral/src/xuart.o
 .debug_line    0x00006b02      0x169 ./src/CoX/CoX_Peripheral/src/xwdt.o
 .debug_line    0x00006c6b      0x536 ./src/main.o
 .debug_line    0x000071a1      0x54f ./src/tasks.o

.debug_frame    0x00000000     0x1f7c
 *(.debug_frame)
 .debug_frame   0x00000000       0x38 ./system/src/newlib/_exit.o
 .debug_frame   0x00000038       0x28 ./system/src/newlib/_sbrk.o
 .debug_frame   0x00000060       0x80 ./system/src/newlib/_startup.o
 .debug_frame   0x000000e0      0x230 ./system/src/newlib/_syscalls.o
 .debug_frame   0x00000310       0x78 ./system/src/diag/Trace.o
 .debug_frame   0x00000388       0x60 ./system/src/diag/trace_impl.o
 .debug_frame   0x000003e8       0x40 ./system/src/cortexm/_initialize_hardware.o
 .debug_frame   0x00000428       0xb0 ./system/src/cortexm/exception_handlers.o
 .debug_frame   0x000004d8       0x44 ./system/src/cmsis/system_MKL25Z4.o
 .debug_frame   0x0000051c       0x20 ./system/src/cmsis/vectors_MKL25Z4.o
 .debug_frame   0x0000053c       0xa4 ./src/hal/HAL.o
 .debug_frame   0x000005e0      0x208 ./src/brtos/BRTOS.o
 .debug_frame   0x000007e8      0x110 ./src/brtos/OSTime.o
 .debug_frame   0x000008f8       0x94 ./src/brtos/device.o
 .debug_frame   0x0000098c       0x90 ./src/brtos/mbox.o
 .debug_frame   0x00000a1c      0x148 ./src/brtos/queue.o
 .debug_frame   0x00000b64       0xb0 ./src/brtos/semaphore.o
 .debug_frame   0x00000c14       0xc0 ./src/Drivers/MMA8451/accel.o
 .debug_frame   0x00000cd4       0x38 ./src/Drivers/DAC/DAC.o
 .debug_frame   0x00000d0c       0x84 ./src/Drivers/GPIOx.o
 .debug_frame   0x00000d90      0x11c ./src/Drivers/UARTx.o
 .debug_frame   0x00000eac      0x238 ./src/CoX/CoX_Peripheral/src/xcore.o
 .debug_frame   0x000010e4      0x290 ./src/CoX/CoX_Peripheral/src/xgpio.o
 .debug_frame   0x00001374      0x384 ./src/CoX/CoX_Peripheral/src/xsysctl.o
 .debug_frame   0x000016f8      0x368 ./src/CoX/CoX_Peripheral/src/xuart.o
 .debug_frame   0x00001a60       0x50 ./src/CoX/CoX_Peripheral/src/xwdt.o
 .debug_frame   0x00001ab0       0x28 ./src/main.o
 .debug_frame   0x00001ad8       0x80 ./src/tasks.o
 .debug_frame   0x00001b58       0x20 c:/program files (x86)/gnu tools arm embedded/4.9 2015q3/bin/../lib/gcc/arm-none-eabi/4.9.3/armv6-m\libgcc.a(_udivsi3.o)
 .debug_frame   0x00001b78       0x20 c:/program files (x86)/gnu tools arm embedded/4.9 2015q3/bin/../lib/gcc/arm-none-eabi/4.9.3/../../../../arm-none-eabi/lib/armv6-m\libg_nano.a(lib_a-errno.o)
 .debug_frame   0x00001b98       0x28 c:/program files (x86)/gnu tools arm embedded/4.9 2015q3/bin/../lib/gcc/arm-none-eabi/4.9.3/../../../../arm-none-eabi/lib/armv6-m\libg_nano.a(lib_a-memcpy.o)
 .debug_frame   0x00001bc0       0x20 c:/program files (x86)/gnu tools arm embedded/4.9 2015q3/bin/../lib/gcc/arm-none-eabi/4.9.3/../../../../arm-none-eabi/lib/armv6-m\libg_nano.a(lib_a-strlen.o)
 .debug_frame   0x00001be0       0x2c c:/program files (x86)/gnu tools arm embedded/4.9 2015q3/bin/../lib/gcc/arm-none-eabi/4.9.3/../../../../arm-none-eabi/lib/armv6-m\libg_nano.a(lib_a-strncmp.o)
 .debug_frame   0x00001c0c       0x4c c:/program files (x86)/gnu tools arm embedded/4.9 2015q3/bin/../lib/gcc/arm-none-eabi/4.9.3/../../../../arm-none-eabi/lib/armv6-m\libg_nano.a(lib_a-vsnprintf.o)
 .debug_frame   0x00001c58      0x140 c:/program files (x86)/gnu tools arm embedded/4.9 2015q3/bin/../lib/gcc/arm-none-eabi/4.9.3/../../../../arm-none-eabi/lib/armv6-m\libg_nano.a(lib_a-findfp.o)
 .debug_frame   0x00001d98       0x2c c:/program files (x86)/gnu tools arm embedded/4.9 2015q3/bin/../lib/gcc/arm-none-eabi/4.9.3/../../../../arm-none-eabi/lib/armv6-m\libg_nano.a(lib_a-nano-mallocr.o)
 .debug_frame   0x00001dc4       0x74 c:/program files (x86)/gnu tools arm embedded/4.9 2015q3/bin/../lib/gcc/arm-none-eabi/4.9.3/../../../../arm-none-eabi/lib/armv6-m\libg_nano.a(lib_a-nano-svfprintf.o)
 .debug_frame   0x00001e38       0x54 c:/program files (x86)/gnu tools arm embedded/4.9 2015q3/bin/../lib/gcc/arm-none-eabi/4.9.3/../../../../arm-none-eabi/lib/armv6-m\libg_nano.a(lib_a-nano-vfprintf_i.o)
 .debug_frame   0x00001e8c       0x2c c:/program files (x86)/gnu tools arm embedded/4.9 2015q3/bin/../lib/gcc/arm-none-eabi/4.9.3/../../../../arm-none-eabi/lib/armv6-m\libg_nano.a(lib_a-sbrkr.o)
 .debug_frame   0x00001eb8       0x20 c:/program files (x86)/gnu tools arm embedded/4.9 2015q3/bin/../lib/gcc/arm-none-eabi/4.9.3/../../../../arm-none-eabi/lib/armv6-m\libg_nano.a(lib_a-memchr.o)
 .debug_frame   0x00001ed8       0x28 c:/program files (x86)/gnu tools arm embedded/4.9 2015q3/bin/../lib/gcc/arm-none-eabi/4.9.3/../../../../arm-none-eabi/lib/armv6-m\libg_nano.a(lib_a-memmove.o)
 .debug_frame   0x00001f00       0x2c c:/program files (x86)/gnu tools arm embedded/4.9 2015q3/bin/../lib/gcc/arm-none-eabi/4.9.3/../../../../arm-none-eabi/lib/armv6-m\libg_nano.a(lib_a-nano-freer.o)
 .debug_frame   0x00001f2c       0x30 c:/program files (x86)/gnu tools arm embedded/4.9 2015q3/bin/../lib/gcc/arm-none-eabi/4.9.3/../../../../arm-none-eabi/lib/armv6-m\libg_nano.a(lib_a-nano-reallocr.o)
 .debug_frame   0x00001f5c       0x20 c:/program files (x86)/gnu tools arm embedded/4.9 2015q3/bin/../lib/gcc/arm-none-eabi/4.9.3/../../../../arm-none-eabi/lib/armv6-m\libg_nano.a(lib_a-nano-msizer.o)

.debug_str      0x00000000    0x4001a
 *(.debug_str)
 .debug_str     0x00000000     0x5d37 ./system/src/newlib/_exit.o
                               0x5ea9 (size before relaxing)
 .debug_str     0x00005d37      0x4de ./system/src/newlib/_sbrk.o
                               0x52ba (size before relaxing)
 .debug_str     0x00006215      0xbb9 ./system/src/newlib/_startup.o
                               0x4e38 (size before relaxing)
 .debug_str     0x00006dce     0x13cf ./system/src/newlib/_syscalls.o
                               0x6718 (size before relaxing)
 .debug_str     0x0000819d      0x9c9 ./system/src/diag/Trace.o
                               0x67ca (size before relaxing)
 .debug_str     0x00008b66    0x1ff12 ./system/src/diag/trace_impl.o
                              0x25d3b (size before relaxing)
 .debug_str     0x00028a78       0x4e ./system/src/cortexm/_initialize_hardware.o
                              0x22f0c (size before relaxing)
 .debug_str     0x00028ac6      0x109 ./system/src/cortexm/exception_handlers.o
                              0x26769 (size before relaxing)
 .debug_str     0x00028bcf      0x1e7 ./system/src/cmsis/system_MKL25Z4.o
                              0x230a2 (size before relaxing)
 .debug_str     0x00028db6       0xf6 ./system/src/cmsis/vectors_MKL25Z4.o
                               0x3157 (size before relaxing)
 .debug_str     0x00028eac     0x1b12 ./src/hal/HAL.o
                               0x4ba7 (size before relaxing)
 .debug_str     0x0002a9be      0x32d ./src/brtos/BRTOS.o
                               0x4f2a (size before relaxing)
 .debug_str     0x0002aceb      0x11e ./src/brtos/OSTime.o
                               0x4b5a (size before relaxing)
 .debug_str     0x0002ae09      0x5ca ./src/brtos/device.o
                               0x73e1 (size before relaxing)
 .debug_str     0x0002b3d3       0x66 ./src/brtos/mbox.o
                               0x4be3 (size before relaxing)
 .debug_str     0x0002b439       0xb2 ./src/brtos/queue.o
                               0x4ccc (size before relaxing)
 .debug_str     0x0002b4eb       0x57 ./src/brtos/semaphore.o
                               0x4bcd (size before relaxing)
 .debug_str     0x0002b542      0x1ac ./src/Drivers/MMA8451/accel.o
                              0x24b07 (size before relaxing)
 .debug_str     0x0002b6ee       0x53 ./src/Drivers/DAC/DAC.o
                              0x23006 (size before relaxing)
 .debug_str     0x0002b741     0x7da7 ./src/Drivers/GPIOx.o
                               0xcfe5 (size before relaxing)
 .debug_str     0x000334e8     0x3dad ./src/Drivers/UARTx.o
                              0x30c6e (size before relaxing)
 .debug_str     0x00037295     0x3547 ./src/CoX/CoX_Peripheral/src/xcore.o
                               0x625a (size before relaxing)
 .debug_str     0x0003a7dc     0x42d6 ./src/CoX/CoX_Peripheral/src/xgpio.o
                              0x118ec (size before relaxing)
 .debug_str     0x0003eab2      0xf59 ./src/CoX/CoX_Peripheral/src/xsysctl.o
                               0xfbe6 (size before relaxing)
 .debug_str     0x0003fa0b      0x3db ./src/CoX/CoX_Peripheral/src/xuart.o
                               0xf51e (size before relaxing)
 .debug_str     0x0003fde6       0x9b ./src/CoX/CoX_Peripheral/src/xwdt.o
                               0xbf92 (size before relaxing)
 .debug_str     0x0003fe81      0x101 ./src/main.o
                              0x2a2f3 (size before relaxing)
 .debug_str     0x0003ff82       0x98 ./src/tasks.o
                               0xf0fd (size before relaxing)

.debug_loc      0x00000000     0x6780
 *(.debug_loc)
 .debug_loc     0x00000000       0x7b ./system/src/newlib/_sbrk.o
 .debug_loc     0x0000007b      0x265 ./system/src/newlib/_startup.o
 .debug_loc     0x000002e0      0x549 ./system/src/newlib/_syscalls.o
 .debug_loc     0x00000829       0xf7 ./system/src/diag/Trace.o
 .debug_loc     0x00000920      0x187 ./system/src/diag/trace_impl.o
 .debug_loc     0x00000aa7       0x94 ./system/src/cortexm/exception_handlers.o
 .debug_loc     0x00000b3b       0xa4 ./system/src/cmsis/system_MKL25Z4.o
 .debug_loc     0x00000bdf      0x173 ./src/hal/HAL.o
 .debug_loc     0x00000d52      0xf0e ./src/brtos/BRTOS.o
 .debug_loc     0x00001c60       0xe8 ./src/brtos/OSTime.o
 .debug_loc     0x00001d48      0x3be ./src/brtos/device.o
 .debug_loc     0x00002106      0x42b ./src/brtos/mbox.o
 .debug_loc     0x00002531      0x801 ./src/brtos/queue.o
 .debug_loc     0x00002d32      0x519 ./src/brtos/semaphore.o
 .debug_loc     0x0000324b       0xd0 ./src/Drivers/MMA8451/accel.o
 .debug_loc     0x0000331b       0x21 ./src/Drivers/DAC/DAC.o
 .debug_loc     0x0000333c      0x4f9 ./src/Drivers/GPIOx.o
 .debug_loc     0x00003835      0x792 ./src/Drivers/UARTx.o
 .debug_loc     0x00003fc7      0x2cf ./src/CoX/CoX_Peripheral/src/xcore.o
 .debug_loc     0x00004296      0xa5f ./src/CoX/CoX_Peripheral/src/xgpio.o
 .debug_loc     0x00004cf5     0x113f ./src/CoX/CoX_Peripheral/src/xsysctl.o
 .debug_loc     0x00005e34      0x797 ./src/CoX/CoX_Peripheral/src/xuart.o
 .debug_loc     0x000065cb      0x1b5 ./src/tasks.o

.debug_macinfo
 *(.debug_macinfo)

.debug_weaknames
 *(.debug_weaknames)

.debug_funcnames
 *(.debug_funcnames)

.debug_typenames
 *(.debug_typenames)

.debug_varnames
 *(.debug_varnames)
OUTPUT(FRDM_BRTOS.elf elf32-littlearm)

.debug_ranges   0x00000000      0xab8
 .debug_ranges  0x00000000       0x18 ./system/src/newlib/_exit.o
 .debug_ranges  0x00000018       0x10 ./system/src/newlib/_sbrk.o
 .debug_ranges  0x00000028       0x48 ./system/src/newlib/_startup.o
 .debug_ranges  0x00000070       0xc0 ./system/src/newlib/_syscalls.o
 .debug_ranges  0x00000130       0x28 ./system/src/diag/Trace.o
 .debug_ranges  0x00000158       0x38 ./system/src/diag/trace_impl.o
 .debug_ranges  0x00000190       0x18 ./system/src/cortexm/_initialize_hardware.o
 .debug_ranges  0x000001a8       0x48 ./system/src/cortexm/exception_handlers.o
 .debug_ranges  0x000001f0       0x18 ./system/src/cmsis/system_MKL25Z4.o
 .debug_ranges  0x00000208       0x10 ./system/src/cmsis/vectors_MKL25Z4.o
 .debug_ranges  0x00000218       0x48 ./src/hal/HAL.o
 .debug_ranges  0x00000260       0xa8 ./src/brtos/BRTOS.o
 .debug_ranges  0x00000308       0x60 ./src/brtos/OSTime.o
 .debug_ranges  0x00000368       0x58 ./src/brtos/device.o
 .debug_ranges  0x000003c0       0x28 ./src/brtos/mbox.o
 .debug_ranges  0x000003e8       0x58 ./src/brtos/queue.o
 .debug_ranges  0x00000440       0x30 ./src/brtos/semaphore.o
 .debug_ranges  0x00000470       0x40 ./src/Drivers/MMA8451/accel.o
 .debug_ranges  0x000004b0       0x18 ./src/Drivers/DAC/DAC.o
 .debug_ranges  0x000004c8       0x30 ./src/Drivers/GPIOx.o
 .debug_ranges  0x000004f8       0x60 ./src/Drivers/UARTx.o
 .debug_ranges  0x00000558      0x108 ./src/CoX/CoX_Peripheral/src/xcore.o
 .debug_ranges  0x00000660       0xe8 ./src/CoX/CoX_Peripheral/src/xgpio.o
 .debug_ranges  0x00000748      0x178 ./src/CoX/CoX_Peripheral/src/xsysctl.o
 .debug_ranges  0x000008c0      0x198 ./src/CoX/CoX_Peripheral/src/xuart.o
 .debug_ranges  0x00000a58       0x28 ./src/CoX/CoX_Peripheral/src/xwdt.o
 .debug_ranges  0x00000a80       0x10 ./src/main.o
 .debug_ranges  0x00000a90       0x28 ./src/tasks.o

.debug_macro    0x00000000     0x864f
 .debug_macro   0x00000000      0x131 ./system/src/newlib/_exit.o
 .debug_macro   0x00000131      0x83e ./system/src/newlib/_exit.o
 .debug_macro   0x0000096f       0x9c ./system/src/newlib/_exit.o
 .debug_macro   0x00000a0b      0x10e ./system/src/newlib/_exit.o
 .debug_macro   0x00000b19       0x86 ./system/src/newlib/_exit.o
 .debug_macro   0x00000b9f       0x43 ./system/src/newlib/_exit.o
 .debug_macro   0x00000be2      0x27a ./system/src/newlib/_exit.o
 .debug_macro   0x00000e5c       0x35 ./system/src/newlib/_exit.o
 .debug_macro   0x00000e91       0xed ./system/src/newlib/_sbrk.o
 .debug_macro   0x00000f7e      0x16d ./system/src/newlib/_sbrk.o
 .debug_macro   0x000010eb       0x10 ./system/src/newlib/_sbrk.o
 .debug_macro   0x000010fb      0x23b ./system/src/newlib/_sbrk.o
 .debug_macro   0x00001336      0x10c ./system/src/newlib/_startup.o
 .debug_macro   0x00001442       0x44 ./system/src/newlib/_startup.o
 .debug_macro   0x00001486       0xe3 ./system/src/newlib/_startup.o
 .debug_macro   0x00001569      0x1df ./system/src/newlib/_startup.o
 .debug_macro   0x00001748      0x1ad ./system/src/newlib/_syscalls.o
 .debug_macro   0x000018f5       0x1c ./system/src/newlib/_syscalls.o
 .debug_macro   0x00001911       0x10 ./system/src/newlib/_syscalls.o
 .debug_macro   0x00001921       0x10 ./system/src/newlib/_syscalls.o
 .debug_macro   0x00001931       0x10 ./system/src/newlib/_syscalls.o
 .debug_macro   0x00001941       0x10 ./system/src/newlib/_syscalls.o
 .debug_macro   0x00001951       0x35 ./system/src/newlib/_syscalls.o
 .debug_macro   0x00001986      0x122 ./system/src/newlib/_syscalls.o
 .debug_macro   0x00001aa8       0x2e ./system/src/newlib/_syscalls.o
 .debug_macro   0x00001ad6       0x82 ./system/src/newlib/_syscalls.o
 .debug_macro   0x00001b58       0x2b ./system/src/newlib/_syscalls.o
 .debug_macro   0x00001b83      0x118 ./system/src/newlib/_syscalls.o
 .debug_macro   0x00001c9b      0x159 ./system/src/newlib/_syscalls.o
 .debug_macro   0x00001df4       0x16 ./system/src/newlib/_syscalls.o
 .debug_macro   0x00001e0a      0x15e ./system/src/diag/Trace.o
 .debug_macro   0x00001f68       0x52 ./system/src/diag/Trace.o
 .debug_macro   0x00001fba       0x16 ./system/src/diag/Trace.o
 .debug_macro   0x00001fd0      0x191 ./system/src/diag/trace_impl.o
 .debug_macro   0x00002161       0x10 ./system/src/diag/trace_impl.o
 .debug_macro   0x00002171       0xc8 ./system/src/diag/trace_impl.o
 .debug_macro   0x00002239       0x19 ./system/src/diag/trace_impl.o
 .debug_macro   0x00002252       0xbe ./system/src/diag/trace_impl.o
 .debug_macro   0x00002310       0x22 ./system/src/diag/trace_impl.o
 .debug_macro   0x00002332       0xb9 ./system/src/cortexm/_initialize_hardware.o
 .debug_macro   0x000023eb      0x1c8 ./system/src/cortexm/exception_handlers.o
 .debug_macro   0x000025b3     0x200d ./system/src/cortexm/exception_handlers.o
 .debug_macro   0x000045c0       0x10 ./system/src/cortexm/exception_handlers.o
 .debug_macro   0x000045d0       0xce ./system/src/cmsis/system_MKL25Z4.o
 .debug_macro   0x0000469e       0x82 ./system/src/cmsis/vectors_MKL25Z4.o
 .debug_macro   0x00004720       0x9b ./src/hal/HAL.o
 .debug_macro   0x000047bb       0x10 ./src/hal/HAL.o
 .debug_macro   0x000047cb       0x22 ./src/hal/HAL.o
 .debug_macro   0x000047ed      0x18d ./src/hal/HAL.o
 .debug_macro   0x0000497a      0x103 ./src/hal/HAL.o
 .debug_macro   0x00004a7d      0x1fb ./src/hal/HAL.o
 .debug_macro   0x00004c78       0x9b ./src/brtos/BRTOS.o
 .debug_macro   0x00004d13       0x9b ./src/brtos/OSTime.o
 .debug_macro   0x00004dae      0x15f ./src/brtos/device.o
 .debug_macro   0x00004f0d      0x1f5 ./src/brtos/device.o
 .debug_macro   0x00005102       0x22 ./src/brtos/device.o
 .debug_macro   0x00005124       0xea ./src/brtos/device.o
 .debug_macro   0x0000520e       0x9b ./src/brtos/mbox.o
 .debug_macro   0x000052a9       0x9b ./src/brtos/queue.o
 .debug_macro   0x00005344       0x9b ./src/brtos/semaphore.o
 .debug_macro   0x000053df      0x118 ./src/Drivers/MMA8451/accel.o
 .debug_macro   0x000054f7       0xaf ./src/Drivers/DAC/DAC.o
 .debug_macro   0x000055a6       0xe4 ./src/Drivers/GPIOx.o
 .debug_macro   0x0000568a     0x17ef ./src/Drivers/GPIOx.o
 .debug_macro   0x00006e79      0x206 ./src/Drivers/GPIOx.o
 .debug_macro   0x0000707f      0x15e ./src/Drivers/UARTx.o
 .debug_macro   0x000071dd       0xcc ./src/Drivers/UARTx.o
 .debug_macro   0x000072a9      0x576 ./src/Drivers/UARTx.o
 .debug_macro   0x0000781f      0x58f ./src/Drivers/UARTx.o
 .debug_macro   0x00007dae       0x10 ./src/Drivers/UARTx.o
 .debug_macro   0x00007dbe       0x47 ./src/CoX/CoX_Peripheral/src/xcore.o
 .debug_macro   0x00007e05       0x6b ./src/CoX/CoX_Peripheral/src/xgpio.o
 .debug_macro   0x00007e70      0x1a5 ./src/CoX/CoX_Peripheral/src/xgpio.o
 .debug_macro   0x00008015      0x13d ./src/CoX/CoX_Peripheral/src/xsysctl.o
 .debug_macro   0x00008152       0x25 ./src/CoX/CoX_Peripheral/src/xsysctl.o
 .debug_macro   0x00008177       0x62 ./src/CoX/CoX_Peripheral/src/xuart.o
 .debug_macro   0x000081d9       0x6b ./src/CoX/CoX_Peripheral/src/xwdt.o
 .debug_macro   0x00008244       0x28 ./src/CoX/CoX_Peripheral/src/xwdt.o
 .debug_macro   0x0000826c      0x22d ./src/main.o
 .debug_macro   0x00008499       0xa6 ./src/main.o
 .debug_macro   0x0000853f      0x110 ./src/tasks.o
